// Jest Snapshot v1, https://goo.gl/fbAQLP

exports[`<Header /> Should render default without crash 1`] = `
<DocumentFragment>
  <div
    class="MuiGrid-root MuiGrid-container root css-11lq3yg-MuiGrid-root"
  >
    <div
      class="MuiGrid-root MuiGrid-item itemImage css-13i4rnv-MuiGrid-root"
    >
      <img
        height="200"
        width="200"
      />
    </div>
    <div
      class="MuiGrid-root MuiGrid-item itemDescriptionContainer css-13i4rnv-MuiGrid-root"
    >
      <p
        class="MuiTypography-root MuiTypography-body1 itemPrice css-ahj2mt-MuiTypography-root"
      >
        $ 0
      </p>
      <div
        class="itemDescription MuiBox-root css-0"
      >
        test_text
      </div>
    </div>
    <div
      class="MuiGrid-root MuiGrid-item itemUbicacion css-13i4rnv-MuiGrid-root"
    >
      test_location
    </div>
  </div>
</DocumentFragment>
`;
